2026-05-09 03:26:37.164 | INFO     | main:__init__:14 - Initializing MECOS Engine...
2026-05-09 03:26:37.977 | INFO     | memory_system:__init__:13 - Vector Memory System Initialized.
2026-05-09 03:26:37.977 | INFO     | main:startup:22 - Starting subsystems...
2026-05-09 03:26:37.977 | INFO     | __main__:run_live_test:20 - Simulating environment change: Adding new knowledge file...
2026-05-09 03:26:37.978 | INFO     | __main__:run_live_test:26 - Waiting for engine to observe and ingest the new file (approx 35s)...
2026-05-09 03:26:37.978 | INFO     | main:main_loop:32 - Entering core cognitive loop.
2026-05-09 03:26:37.978 | INFO     | perception:collect:42 - Starting perception collection cycle...
2026-05-09 03:26:38.280 | DEBUG    | memory_system:store:26 - Stored memory: FILE CONTENT (test_knowledge.txt):
MECOS uses Chro...
2026-05-09 03:26:38.280 | INFO     | perception:ingest_file:31 - Ingested file: /home/ubuntu/cognitive_os/data/test_knowledge.txt
2026-05-09 03:26:38.577 | DEBUG    | memory_system:store:26 - Stored memory: FILE CONTENT (market_principles.txt):
MECOS Tradin...
2026-05-09 03:26:38.577 | INFO     | perception:ingest_file:31 - Ingested file: /home/ubuntu/cognitive_os/data/market_principles.txt
2026-05-09 03:26:38.577 | DEBUG    | main:main_loop:43 - Loop iteration complete. Sleeping...
2026-05-09 03:27:08.608 | INFO     | perception:collect:42 - Starting perception collection cycle...
2026-05-09 03:27:08.855 | DEBUG    | memory_system:store:26 - Stored memory: FILE CONTENT (test_knowledge.txt):
MECOS uses Chro...
2026-05-09 03:27:08.855 | INFO     | perception:ingest_file:31 - Ingested file: /home/ubuntu/cognitive_os/data/test_knowledge.txt
2026-05-09 03:27:09.085 | DEBUG    | memory_system:store:26 - Stored memory: FILE CONTENT (market_principles.txt):
MECOS Tradin...
2026-05-09 03:27:09.085 | INFO     | perception:ingest_file:31 - Ingested file: /home/ubuntu/cognitive_os/data/market_principles.txt
2026-05-09 03:27:09.086 | DEBUG    | main:main_loop:43 - Loop iteration complete. Sleeping...
2026-05-09 03:27:12.982 | INFO     | __main__:run_live_test:30 - Verifying autonomous learning...
2026-05-09 03:27:13.262 | SUCCESS  | __main__:run_live_test:37 - Engine successfully learned: FILE CONTENT (market_principles.txt):
MECOS Trading Principl...
2026-05-09 03:27:13.263 | INFO     | __main__:run_live_test:45 - Stopping engine...
2026-05-09 03:27:13.263 | INFO     | main:shutdown:27 - Shutting down engine...
2026-05-09 03:27:13.263 | INFO     | main:shutdown:27 - Shutting down engine...
2026-05-10 01:58:51.621 | INFO     | __main__:__init__:16 - Initializing MECOS Engine...
2026-05-10 01:58:52.459 | INFO     | memory_system:__init__:13 - Vector Memory System Initialized.
2026-05-10 01:58:52.459 | INFO     | tool_orchestrator:register_tool:21 - Tool registered: terminal_command
2026-05-10 01:58:52.460 | INFO     | tool_orchestrator:register_tool:21 - Tool registered: file_write
2026-05-10 01:58:52.534 | INFO     | reasoner:__init__:12 - Reasoner initialized with sovereign model access.
2026-05-10 01:58:52.534 | INFO     | __main__:startup:27 - Starting subsystems...
2026-05-10 01:58:52.534 | INFO     | __main__:process_goal:37 - Processing Goal: Create a summary of all text files in the data directory and save it to 'summary.txt'
2026-05-10 01:58:52.534 | INFO     | perception:collect:42 - Starting perception collection cycle...
2026-05-10 01:58:52.875 | DEBUG    | memory_system:store:26 - Stored memory: FILE CONTENT (test_knowledge.txt):
MECOS uses Chro...
2026-05-10 01:58:52.875 | INFO     | perception:ingest_file:31 - Ingested file: /home/ubuntu/cognitive_os/data/test_knowledge.txt
2026-05-10 01:58:53.150 | DEBUG    | memory_system:store:26 - Stored memory: FILE CONTENT (market_principles.txt):
MECOS Tradin...
2026-05-10 01:58:53.150 | INFO     | perception:ingest_file:31 - Ingested file: /home/ubuntu/cognitive_os/data/market_principles.txt
2026-05-10 01:58:53.873 | ERROR    | reasoner:generate_plan:55 - Failed to generate plan: unhashable type: 'dict'
2026-05-10 01:58:53.873 | WARNING  | __main__:process_goal:52 - No plan generated for goal.
2026-05-10 01:58:53.873 | INFO     | __main__:main_loop:56 - Entering core cognitive loop.
2026-05-10 01:58:53.873 | DEBUG    | __main__:main_loop:61 - Heartbeat: Engine is idle and monitoring.
2026-05-10 01:59:25.586 | INFO     | __main__:__init__:16 - Initializing MECOS Engine...
2026-05-10 01:59:26.424 | INFO     | memory_system:__init__:13 - Vector Memory System Initialized.
2026-05-10 01:59:26.424 | INFO     | tool_orchestrator:register_tool:21 - Tool registered: terminal_command
2026-05-10 01:59:26.424 | INFO     | tool_orchestrator:register_tool:21 - Tool registered: file_write
2026-05-10 01:59:26.472 | INFO     | reasoner:__init__:12 - Reasoner initialized with sovereign model access.
2026-05-10 01:59:26.472 | INFO     | __main__:startup:27 - Starting subsystems...
2026-05-10 01:59:26.472 | INFO     | __main__:process_goal:37 - Processing Goal: Create a summary of all text files in the data directory and save it to 'summary.txt'
2026-05-10 01:59:26.472 | INFO     | perception:collect:42 - Starting perception collection cycle...
2026-05-10 01:59:26.802 | DEBUG    | memory_system:store:26 - Stored memory: FILE CONTENT (test_knowledge.txt):
MECOS uses Chro...
2026-05-10 01:59:26.803 | INFO     | perception:ingest_file:31 - Ingested file: /home/ubuntu/cognitive_os/data/test_knowledge.txt
2026-05-10 01:59:27.130 | DEBUG    | memory_system:store:26 - Stored memory: FILE CONTENT (market_principles.txt):
MECOS Tradin...
2026-05-10 01:59:27.130 | INFO     | perception:ingest_file:31 - Ingested file: /home/ubuntu/cognitive_os/data/market_principles.txt
2026-05-10 01:59:28.650 | INFO     | reasoner:generate_plan:52 - Generated plan with 2 steps.
2026-05-10 01:59:28.650 | INFO     | action_engine:execute_plan:12 - Starting execution of plan with 2 steps.
2026-05-10 01:59:50.907 | INFO     | __main__:__init__:16 - Initializing MECOS Engine...
2026-05-10 01:59:51.709 | INFO     | memory_system:__init__:13 - Vector Memory System Initialized.
2026-05-10 01:59:51.709 | INFO     | tool_orchestrator:register_tool:21 - Tool registered: terminal_command
2026-05-10 01:59:51.709 | INFO     | tool_orchestrator:register_tool:21 - Tool registered: file_write
2026-05-10 01:59:51.758 | INFO     | reasoner:__init__:12 - Reasoner initialized with sovereign model access.
2026-05-10 01:59:51.759 | INFO     | __main__:startup:27 - Starting subsystems...
2026-05-10 01:59:51.759 | INFO     | __main__:process_goal:37 - Processing Goal: Create a summary of all text files in the data directory and save it to 'summary.txt'
2026-05-10 01:59:51.759 | INFO     | perception:collect:42 - Starting perception collection cycle...
2026-05-10 01:59:52.097 | DEBUG    | memory_system:store:26 - Stored memory: FILE CONTENT (test_knowledge.txt):
MECOS uses Chro...
2026-05-10 01:59:52.097 | INFO     | perception:ingest_file:31 - Ingested file: /home/ubuntu/cognitive_os/data/test_knowledge.txt
2026-05-10 01:59:52.342 | DEBUG    | memory_system:store:26 - Stored memory: FILE CONTENT (market_principles.txt):
MECOS Tradin...
2026-05-10 01:59:52.342 | INFO     | perception:ingest_file:31 - Ingested file: /home/ubuntu/cognitive_os/data/market_principles.txt
2026-05-10 01:59:53.903 | DEBUG    | __main__:main_loop:61 - Heartbeat: Engine is idle and monitoring.
2026-05-10 01:59:54.030 | INFO     | reasoner:generate_plan:61 - Generated plan with 0 steps.
2026-05-10 01:59:54.030 | WARNING  | __main__:process_goal:52 - No plan generated for goal.
2026-05-10 01:59:54.030 | INFO     | __main__:main_loop:56 - Entering core cognitive loop.
2026-05-10 01:59:54.030 | DEBUG    | __main__:main_loop:61 - Heartbeat: Engine is idle and monitoring.
2026-05-10 02:00:25.203 | INFO     | __main__:__init__:16 - Initializing MECOS Engine...
2026-05-10 02:00:26.046 | INFO     | memory_system:__init__:13 - Vector Memory System Initialized.
2026-05-10 02:00:26.046 | INFO     | tool_orchestrator:register_tool:21 - Tool registered: terminal_command
2026-05-10 02:00:26.046 | INFO     | tool_orchestrator:register_tool:21 - Tool registered: file_write
2026-05-10 02:00:26.094 | INFO     | reasoner:__init__:12 - Reasoner initialized with sovereign model access.
2026-05-10 02:00:26.094 | INFO     | __main__:startup:27 - Starting subsystems...
2026-05-10 02:00:26.094 | INFO     | __main__:process_goal:37 - Processing Goal: Create a summary of all text files in the data directory and save it to 'summary.txt'
2026-05-10 02:00:26.094 | INFO     | perception:collect:42 - Starting perception collection cycle...
2026-05-10 02:00:26.547 | DEBUG    | memory_system:store:26 - Stored memory: FILE CONTENT (test_knowledge.txt):
MECOS uses Chro...
2026-05-10 02:00:26.547 | INFO     | perception:ingest_file:31 - Ingested file: /home/ubuntu/cognitive_os/data/test_knowledge.txt
2026-05-10 02:00:26.843 | DEBUG    | memory_system:store:26 - Stored memory: FILE CONTENT (market_principles.txt):
MECOS Tradin...
2026-05-10 02:00:26.843 | INFO     | perception:ingest_file:31 - Ingested file: /home/ubuntu/cognitive_os/data/market_principles.txt
2026-05-10 02:00:28.991 | INFO     | reasoner:generate_plan:65 - Generated plan with 2 steps.
2026-05-10 02:00:28.991 | INFO     | action_engine:execute_plan:12 - Starting execution of plan with 2 steps.
2026-05-10 02:00:28.991 | INFO     | action_engine:execute_plan:19 - Step 1: Executing terminal_command
2026-05-10 02:00:28.991 | INFO     | tool_orchestrator:run_tool:88 - Orchestrating tool: terminal_command
2026-05-10 02:00:28.991 | INFO     | tool_orchestrator:execute_shell:51 - Executing action: cat data/*.txt
2026-05-10 02:00:29.257 | DEBUG    | memory_system:store:26 - Stored memory: ACTION EXECUTED: terminal_command
ARGS: {'command'...
2026-05-10 02:00:29.257 | ERROR    | action_engine:execute_plan:36 - Plan execution halted at step 1 due to error.
2026-05-10 02:00:31.768 | DEBUG    | memory_system:store:26 - Stored memory: REFLECTION LESSON:
What worked?  
- The plan to us...
2026-05-10 02:00:31.768 | INFO     | reasoner:reflect:89 - Reflection completed and stored.
2026-05-10 02:00:31.768 | INFO     | __main__:main_loop:56 - Entering core cognitive loop.
2026-05-10 02:00:31.768 | DEBUG    | __main__:main_loop:61 - Heartbeat: Engine is idle and monitoring.
